122
generic
1_f16
2_dog_ear
3_rafalec
generic
5_mig21
6_mig23
7_mig25
8_mig31
9_hot_shot
10_a50
11_fa18a+
12_fan_song_f
13_ah64
14_f16bk52+
15_f16am
16_ksam
17_e2
18_e3
generic
20_f18
21_gun_dish
22_f22
23_f4
24_f5
generic
26_long_track
27_an_mpq_46
28_nike
29_mig17_19
generic
generic
generic
33_f16agrs
34_m2000_5_9_egm
35_skyguard
36_square_pair
37_an_mpq_53
generic
39_fan_song_e
40_low_blow
41_pat_hand
42_bar_lock
43_straight_flush
44_land_roll
45_spoon_rest
46_flap_lid
47_snap_shot
48_mig29a_g
49_ja37
50_su15
51_flat_face
52_scrum_half
53_naval
54_naval
55_tornado
56_tps830k
57_naval
generic
generic
generic
61_fire_can
62_f15
generic
generic
65_mig29m_s
66_g4
generic
68_mIII
generic
generic
71_ef2000
72_su39
73_mig21bis
74_su22
75_maws
generic
77_naval
78_m2000c
generic
generic
generic
generic
generic
84_f14
generic
86_f15
87_f16bk15
generic
generic
generic
91_su17_20
92_su30
93_tu22
94_tu95
95_tu160
96_m2000d_n
97_fire_dome
98_chair_back
99_rf4c
generic
generic
102_amx
103_naval
104_naval
105_naval
106_naval
107_naval
108_naval
109_naval
110_naval
111_naval
generic
113_a4
114_mf1
115_an_mpq50
generic
117_naval
118_big_bird
119_snow_drift
120_f4d
121_an_mpq_55