206
aim9lm
aim120
agm65b
agm65d
agm45
agm88
sa6
2_75in
agmxxx
aim9p
aim54
aa7b
aa7a
aa9
aa10b
aa10a
aa11
aim7
sa7
sa13
sa9
sa14
sa2
sa3
sa4
sa5
sa8
sa15
aa1
aa2b
as10
as11
as14
atgm
patriot
hawk
nike
aa2c
aa12
aa8
aa6a
aa6b
sa19
adats
stngr
crotaleng
as7
as12
laaw
aa10c
hn5a
agm65g
hllfre
at6
pl7
pl8
as17
mistral
sa10
sa16
as18
agm142
agm84e
agm130
gb15
s24
sm2mr
rim7
san9
aim9x
python4
s5
3m80
r530
super530
aa10d
aaa4
agm119
agm123
agm12b
agm12c
agm62
agm78
agm84a
aam3
aam4
asm2
pl10e
aim7e2
aim9b
aim9d
aim9e
aim9g
aim9h
aim9j
gsc1_jm117
alarm
alhus
am39
as14l
as16
as17a
as20
as22
as30
as34
as37
aim132
at16
bgm109b
bgm109c
bvraam
calcm
d5
derby
flir
gbu31
gbu32
gbu34
gbu35
gbu36
gbu37
hvar
ag154a
mk63
mm38
mm40
python3
r550
rgm84a
s13
s25
s8
sa11
sa17
scuda
scudb
skyflsh
agm84h
ssn20
ssn23
strmshd
as6
sm1er
sm1mr
albatros
otomat
sm2er
aim7f
aim7d
aim7e
gsc1_mk82
agm621
aim54a
seadart
seawolf
tartar
terrier
talos
asroc
ssn19
ssn3
ssn12
ssn9
aa3a
aa3b
aa5a
aa5b
crotale
lance
pershi
pershii
javelin
afds
agm65a
srami
alcm
acm
sramii
jassm
aim120c
irist
san6
r550m2
micaem
micair
apache
scalp
ag154c
tow
sp10
sp10p
sp20
sp20p
gb39b
python5
kepd350
aasm
delilah
armat
pl12
yj83k
wanchien
tienchienII
hfII
tienchienI